loading the vision encoder ...
loading the model (the first start takes a minute or two) ...
[strata] starting the engine: reading the model's weights ...
Traceback (most recent call last):
  File "N:\Strata\serve\server.py", line 3060, in <module>
    sys.exit(main())
             ^^^^^^
  File "N:\Strata\serve\server.py", line 2925, in main
    engine = StrataEngine(exe, engine_args(cfg), cwd=cfg.get("cwd"), log=cfg.get("log"), env=env, lazy=lazy)
             ^^^^^^^^^^^^^^^^^^^^^^^^^^^^^^^^^^^^^^^^^^^^^^^^^^^^^^^^^^^^^^^^^^^^^^^^^^^^^^^^^^^^^^^^^^^^^^^
  File "N:\Strata\serve\server.py", line 362, in __init__
    raise RuntimeError("the engine exited before it was ready" + (f" (see {log})" if log else "") +
RuntimeError: the engine exited before it was ready (see N:/Strata/nativeexp.log)
the engine log's last lines:
                         except the one the host loop spins on (with --pool-affinity auto or
                         p-cores on a hybrid CPU: P-cores minus 1).  A sweep is how the pool's
                         deviation from `cpu_s2` is attributed.
    --pool-affinity MODE Worker CPU affinity: all (default: one worker per physical core, as
                         always), auto (hybrid CPUs: P-cores first, then their SMT siblings,
                         then E-cores) or p-cores (P-cores and their siblings only).
    --coupled-draft      enable coupled draft sampling for MTP drafter under sampling (STRATA_SPEC_COUPLED)
    --no-coupled-draft   disable coupled draft sampling (propose argmax drafts)
    --mmap-experts       R2.1: opt OUT of the resident expert arena, back to MapViewOfFile.
                         The A/B arm: the mmap's rate depends on the OS page cache holding
                         34 GB, and measured 71.97 vs 34.78 ms/token cold vs warm.
    --shared-expert-arena FILE  Linux: back the resident arena with one MAP_SHARED file.
                         Put this file on /dev/shm, not ordinary SSD storage.
                         A small header binds an existing backing file to the same pack.
    --resident-cpu-experts  with mmap and a static profile, keep the experts the GPU cache does not
                         hold resident in ordinary RAM (and the prompt path's lend region as far as
                         RAM allows); adaptive swaps exchange them, so none is read from the file again.
    --resident-experts   the low-RAM PC's resident mode (setup): --mmap-experts --resident-cpu-experts
                         with the copy page-locked when possible, 4 GiB headroom, plain mmap if it
                         does not fit.  Same answers as --mmap-experts for the same placement.
